// Jest Snapshot v1, https://goo.gl/fbAQLP

exports[`Test <FormTransactions /> Should match snapshot 1`] = `
<div>
  <div
    class="form-transactions"
  >
    <div
      class="form-fieldset"
    >
      <label
        for="desc"
      >
        Descrição
      </label>
      <input
        class="input-primary"
        data-testid="desc"
        id="desc"
        placeholder="Digite a descrição"
        type="text"
        value=""
      />
    </div>
    <div
      class="form-fieldset"
    >
      <label
        for="amount"
      >
        Valor
      </label>
      <input
        class="input-primary"
        data-testid="amount"
        id="amount"
        min="1"
        placeholder="Digite o valor"
        type="number"
        value=""
      />
    </div>
    <div
      class="form-fieldset"
    >
      <div
        class="form-radio-group"
      >
        <div
          class="fieldset-item"
        >
          <input
            checked=""
            class="input-radio"
            data-testid="radio-income"
            id="rIncome"
            name="group1"
            type="radio"
            value=""
          />
          <label
            for="rIncome"
            title="Checar como entrada"
          >
            Entrada
          </label>
        </div>
        <div
          class="fieldset-item"
        >
          <input
            class="input-radio"
            data-testid="radio-expenses"
            id="rExpenses"
            name="group1"
            type="radio"
            value=""
          />
          <label
            for="rExpenses"
            title="Checar como saída"
          >
            Saída
          </label>
        </div>
      </div>
    </div>
    <div
      class="form-fieldset"
    >
      <button
        class="btn btn--primary"
        data-testid="button"
        title="Adicionar"
        type="button"
      >
        Adicionar
      </button>
    </div>
  </div>
</div>
`;
